
[ec2-user@ip-172-31-3-152 ~]$ 
[ec2-user@ip-172-31-3-152 ~]$ echo konnithtihao savlvblan
sablan
[ec2-user@ip-172-31-3-152 ~]$ [ec2-user@ip-172-31-3-152 ~]$ clear
[ec2-user@ip-172-31-3-152 ~]$ ls -a
.  ..  .bash_logout  .bash_profile  .bashrc  .ssh
[ec2-user@ip-172-31-3-152 ~]$ ls -l]
ls: invalid option -- ']'
Try 'ls --help' for more information.
[ec2-user@ip-172-31-3-152 ~]$ ls -l]
total 0
[ec2-user@ip-172-31-3-152 ~]$ ls -la
total 12
drwx------. 3 ec2-user ec2-user  74 Feb 28 09:34 .
drwxr-xr-x. 3 root     root      22 Feb 28 09:34 ..
-rw-r--r--. 1 ec2-user ec2-user  18 Jan 28  2023 .bash_logout
-rw-r--r--. 1 ec2-user ec2-user 141 Jan 28  2023 .bash_profile
-rw-r--r--. 1 ec2-user ec2-user 492 Jan 28  2023 .bashrc
drwx------. 2 ec2-user ec2-user  29 Feb 28 09:34 .ssh
[ec2-user@ip-172-31-3-152 ~]$ ls -l *
ls: cannot access '*': No such file or directory
[ec2-user@ip-172-31-3-152 ~]$ ls -l *a *.*
-rw-r--r--. 1 ec2-user ec2-user  18 Jan 28  2023 .bash_logout
-rw-r--r--. 1 ec2-user ec2-user 141 Jan 28  2023 .bash_profile
-rw-r--r--. 1 ec2-user ec2-user 492 Jan 28  2023 .bashrc

.ssh:
total 4
-rw-------. 1 ec2-user ec2-user 398 Feb 28 09:34 authorized_keys
[ec2-user@ip-172-31-3-152 ~]$ ls -l .**b*a*
ls: cannot access 'ba*': No such file or directory
[ec2-user@ip-172-31-3-152 ~]$ ls -l ba*a*a*.a*a* a*.a*ba*
-rw-r--r--. 1 ec2-user ec2-user  18 Jan 28  2023 .bash_logout
-rw-r--r--. 1 ec2-user ec2-user 141 Jan 28  2023 .bash_profile
-rw-r--r--. 1 ec2-user ec2-user 492 Jan 28  2023 .bashrc
[ec2-user@ip-172-31-3-152 ~]$ 
[ec2-user@ip-172-31-3-152 ~]$ 
[ec2-user@ip-172-31-3-152 ~]$ 
[ec2-user@ip-172-31-3-152 ~]$ touvch a[ec2-user@ip-172-31-3-152 ~]$ touch a
[ec2-user@ip-172-31-3-152 ~]$ ll
total 0
-rw-r--r--. 1 ec2-user ec2-user 0 Feb 28 09:52 a
[ec2-user@ip-172-31-3-152 ~]$ 
[ec2-user@ip-172-31-3-152 ~]$ 
[ec2-user@ip-172-31-3-152 ~]$ ll > b
[ec2-user@ip-172-31-3-152 ~]$ 
[ec2-user@ip-172-31-3-152 ~]$ ll
total 4
-rw-r--r--. 1 ec2-user ec2-user   0 Feb 28 09:52 a
-rw-r--r--. 1 ec2-user ec2-user 106 Feb 28 09:53 b
[ec2-user@ip-172-31-3-152 ~]$ cat b
total 0
-rw-r--r--. 1 ec2-user ec2-user 0 Feb 28 09:52 a
-rw-r--r--. 1 ec2-user ec2-user 0 Feb 28 09:53 b
[ec2-user@ip-172-31-3-152 ~]$ 
[ec2-user@ip-172-31-3-152 ~]$ 
[ec2-user@ip-172-31-3-152 ~]$ 
[ec2-user@ip-172-31-3-152 ~]$ echo hello >> b
[ec2-user@ip-172-31-3-152 ~]$ 
[ec2-user@ip-172-31-3-152 ~]$ 
[ec2-user@ip-172-31-3-152 ~]$ 
[ec2-user@ip-172-31-3-152 ~]$ 
[ec2-user@ip-172-31-3-152 ~]$ ll
total 4
-rw-r--r--. 1 ec2-user ec2-user   0 Feb 28 09:52 a
-rw-r--r--. 1 ec2-user ec2-user 112 Feb 28 09:54 b
[ec2-user@ip-172-31-3-152 ~]$ 
[ec2-user@ip-172-31-3-152 ~]$ 
[ec2-user@ip-172-31-3-152 ~]$ 
[ec2-user@ip-172-31-3-152 ~]$ 
[ec2-user@ip-172-31-3-152 ~]$ cat b
total 0
-rw-r--r--. 1 ec2-user ec2-user 0 Feb 28 09:52 a
-rw-r--r--. 1 ec2-user ec2-user 0 Feb 28 09:53 b
hello
[ec2-user@ip-172-31-3-152 ~]$ 
[ec2-user@ip-172-31-3-152 ~]$ 
[ec2-user@ip-172-31-3-152 ~]$ 
[ec2-user@ip-172-31-3-152 ~]$ echo hello > b
[ec2-user@ip-172-31-3-152 ~]$ 
[ec2-user@ip-172-31-3-152 ~]$ 
[ec2-user@ip-172-31-3-152 ~]$ 
[ec2-user@ip-172-31-3-152 ~]$ 
[ec2-user@ip-172-31-3-152 ~]$ ll
total 4
-rw-r--r--. 1 ec2-user ec2-user 0 Feb 28 09:52 a
-rw-r--r--. 1 ec2-user ec2-user 6 Feb 28 09:57 b
[ec2-user@ip-172-31-3-152 ~]$ cat b
hello
[ec2-user@ip-172-31-3-152 ~]$ 
[ec2-user@ip-172-31-3-152 ~]$ 
[ec2-user@ip-172-31-3-152 ~]$ 
[ec2-user@ip-172-31-3-152 ~]$ 
[ec2-user@ip-172-31-3-152 ~]$ 
[ec2-user@ip-172-31-3-152 ~]$ 
[ec2-user@ip-172-31-3-152 ~]$ p a aux
-bash: pa: command not found
[ec2-user@ip-172-31-3-152 ~]$ ps aux
USER         PID %CPU %MEM    VSZ   RSS TTY      STAT START   TIME COMMAND
root           1  0.0  1.7 105716 17020 ?        Ss   09:34   0:00 /usr/lib/systemd/systemd --switched-root --system --deserialize=32
root           2  0.0  0.0      0     0 ?        S    09:34   0:00 [kthreadd]
root           3  0.0  0.0      0     0 ?        I<   09:34   0:00 [rcu_gp]
root           4  0.0  0.0      0     0 ?        I<   09:34   0:00 [rcu_par_gp]
root           5  0.0  0.0      0     0 ?        I<   09:34   0:00 [slub_flushwq]
root           6  0.0  0.0      0     0 ?        I<   09:34   0:00 [netns]
root           8  0.0  0.0      0     0 ?        I<   09:34   0:00 [kworker/0:0H-events_highpri]
root          10  0.0  0.0      0     0 ?        I<   09:34   0:00 [mm_percpu_wq]
root          11  0.0  0.0      0     0 ?        I    09:34   0:00 [rcu_tasks_kthread]
root          12  0.0  0.0      0     0 ?        I    09:34   0:00 [rcu_tasks_rude_kthread]
root          13  0.0  0.0      0     0 ?        I    09:34   0:00 [rcu_tasks_trace_kthread]
root          14  0.0  0.0      0     0 ?        S    09:34   0:00 [ksoftirqd/0]
root          15  0.0  0.0      0     0 ?        I    09:34   0:00 [rcu_preempt]
root          16  0.0  0.0      0     0 ?        S    09:34   0:00 [migration/0]
root          18  0.0  0.0      0     0 ?        S    09:34   0:00 [cpuhp/0]
root          20  0.0  0.0      0     0 ?        S    09:34   0:00 [kdevtmpfs]
root          21  0.0  0.0      0     0 ?        I<   09:34   0:00 [inet_frag_wq]
root          22  0.0  0.0      0     0 ?        S    09:34   0:00 [kauditd]
root          23  0.0  0.0      0     0 ?        S    09:34   0:00 [khungtaskd]
root          24  0.0  0.0      0     0 ?        S    09:34   0:00 [oom_reaper]
root          27  0.0  0.0      0     0 ?        I<   09:34   0:00 [writeback]
root          28  0.0  0.0      0     0 ?        S    09:34   0:00 [kcompactd0]
root          29  0.0  0.0      0     0 ?        SN   09:34   0:00 [khugepaged]
root          30  0.0  0.0      0     0 ?        I<   09:34   0:00 [cryptd]
root          31  0.0  0.0      0     0 ?        I<   09:34   0:00 [kintegrityd]
root          32  0.0  0.0      0     0 ?        I<   09:34   0:00 [kblockd]
root          33  0.0  0.0      0     0 ?        I<   09:34   0:00 [blkcg_punt_bio]
root          34  0.0  0.0      0     0 ?        S    09:34   0:00 [xen-balloon]
root          35  0.0  0.0      0     0 ?        I<   09:34   0:00 [tpm_dev_wq]
root          36  0.0  0.0      0     0 ?        I<   09:34   0:00 [md]
root          37  0.0  0.0      0     0 ?        I<   09:34   0:00 [edac-poller]
root          38  0.0  0.0      0     0 ?        S    09:34   0:00 [watchdogd]
root          39  0.0  0.0      0     0 ?        I<   09:34   0:00 [kworker/0:1H-kblockd]
root          73  0.0  0.0      0     0 ?        S    09:34   0:00 [kswapd0]
root          76  0.0  0.0      0     0 ?        I<   09:34   0:00 [xfsalloc]
root          77  0.0  0.0      0     0 ?        I<   09:34   0:00 [xfs_mru_cache]
root          80  0.0  0.0      0     0 ?        I<   09:34   0:00 [kthrotld]
root          86  0.0  0.0      0     0 ?        S    09:34   0:00 [xenbus]
root          96  0.0  0.0      0     0 ?        S    09:34   0:00 [xenwatch]
root         135  0.0  0.0      0     0 ?        I<   09:34   0:00 [nvme-wq]
root         137  0.0  0.0      0     0 ?        I<   09:34   0:00 [nvme-reset-wq]
root         139  0.0  0.0      0     0 ?        I<   09:34   0:00 [nvme-delete-wq]
root         165  0.0  0.0      0     0 ?        I<   09:34   0:00 [mld]
root         166  0.0  0.0      0     0 ?        I<   09:34   0:00 [ipv6_addrconf]
root         184  0.0  0.0      0     0 ?        I<   09:34   0:00 [kstrp]
root         193  0.0  0.0      0     0 ?        I<   09:34   0:00 [zswap-shrink]
root         194  0.0  0.0      0     0 ?        I<   09:34   0:00 [kworker/u31:0]
root        1034  0.0  0.0      0     0 ?        I<   09:34   0:00 [xfs-buf/xvda1]
root        1036  0.0  0.0      0     0 ?        I<   09:34   0:00 [xfs-conv/xvda1]
root        1037  0.0  0.0      0     0 ?        I<   09:34   0:00 [xfs-reclaim/xvd]
root        1038  0.0  0.0      0     0 ?        I<   09:34   0:00 [xfs-blockgc/xvd]
root        1039  0.0  0.0      0     0 ?        I<   09:34   0:00 [xfs-inodegc/xvd]
root        1043  0.0  0.0      0     0 ?        I<   09:34   0:00 [xfs-log/xvda1]
root        1045  0.0  0.0      0     0 ?        I<   09:34   0:00 [xfs-cil/xvda1]
root        1046  0.0  0.0      0     0 ?        S    09:34   0:00 [xfsaild/xvda1]
root        1094  0.0  1.5  52476 14676 ?        Ss   09:34   0:00 /usr/lib/systemd/systemd-journald
root        1756  0.0  1.1  31176 11244 ?        Ss   09:34   0:00 /usr/lib/systemd/systemd-udevd
systemd+    1759  0.0  1.4  21236 14556 ?        Ss   09:34   0:00 /usr/lib/systemd/systemd-resolved
root        1778  0.0  0.2  20228  2364 ?        S<sl 09:34   0:00 /sbin/auditd
root        1863  0.0  0.0      0     0 ?        I<   09:34   0:00 [ata_sff]
root        1871  0.0  0.0      0     0 ?        I    09:34   0:00 [kworker/u30:4-events_unbound]
root        1886  0.0  0.0      0     0 ?        I<   09:34   0:00 [rpciod]
root        1889  0.0  0.0      0     0 ?        I<   09:34   0:00 [xprtiod]
root        1925  0.0  0.0      0     0 ?        S    09:34   0:00 [scsi_eh_0]
root        1928  0.0  0.0      0     0 ?        I<   09:34   0:00 [scsi_tmf_0]
root        1932  0.0  0.0      0     0 ?        S    09:34   0:00 [scsi_eh_1]
root        1933  0.0  0.0      0     0 ?        I<   09:34   0:00 [scsi_tmf_1]
root        1944  0.0  0.0      0     0 ?        I    09:34   0:00 [kworker/0:5-events]
root        1948  0.0  0.6  15300  6560 ?        Ss   09:34   0:00 /usr/bin/systemd-inhibit --what=handle-suspend-key:handle-hibernate-key --who=noah --why=a
libstor+    1951  0.0  0.2   2760  1984 ?        Ss   09:34   0:00 /usr/bin/lsmd -d
root        1953  0.6  0.6  89008  5940 ?        Ssl  09:34   0:09 /usr/sbin/rngd -f -x pkcs11 -x nist
root        1955  0.0  0.7  15784  7676 ?        Ss   09:34   0:00 /usr/lib/systemd/systemd-homed
root        1956  0.0  1.0  17640  9752 ?        Ss   09:34   0:00 /usr/lib/systemd/systemd-logind
dbus        1958  0.0  0.3   8352  3868 ?        Ss   09:34   0:00 /usr/bin/dbus-broker-launch --scope system --audit
systemd+    1961  0.0  0.9 235880  9712 ?        Ss   09:34   0:00 /usr/lib/systemd/systemd-networkd
dbus        1965  0.0  0.2   5268  2760 ?        S    09:34   0:00 dbus-broker --log 4 --controller 9 --machine-id ec2615b31c3fc1145ba9a30a786c714e --max-byt
root        1982  0.0  0.1   2672  1140 ?        S    09:34   0:00 /usr/sbin/acpid -f
root        1986  0.0  0.3 281028  3512 ?        Ssl  09:34   0:00 /usr/sbin/gssproxy -D
root        2152  0.0  1.8 1242284 18356 ?       Ssl  09:34   0:00 /usr/bin/amazon-ssm-agent
root        2156  0.0  0.8  13316  8320 ?        Ss   09:34   0:00 sshd: /usr/sbin/sshd -D [listener] 0 of 10-100 startups
root        2163  0.0  0.2   4732  2576 ?        Ss   09:34   0:00 /usr/sbin/atd -f
root        2167  0.0  0.1 221348  1080 tty1     Ss+  09:34   0:00 /sbin/agetty -o -p -- \u --noclear - linux
root        2168  0.0  0.1 221392  1084 ttyS0    Ss+  09:34   0:00 /sbin/agetty -o -p -- \u --keep-baud 115200,57600,38400,9600 - vt220
chrony      2185  0.0  0.3  86520  3264 ?        S    09:34   0:00 /usr/sbin/chronyd -F 2
root        2477  0.0  1.0  14776 10016 ?        Ss   09:40   0:00 sshd: ec2-user [priv]
root        2480  0.0  0.0      0     0 ?        I    09:40   0:00 [kworker/u30:0-events_unbound]
root        2482  0.0  0.6  15300  6716 ?        Ss   09:40   0:00 /usr/lib/systemd/systemd-userdbd
ec2-user    2487  0.0  1.3  20408 13200 ?        Ss   09:40   0:00 /usr/lib/systemd/systemd --user
ec2-user    2491  0.0  0.6 107052  6544 ?        S    09:40   0:00 (sd-pam)
ec2-user    2498  0.0  0.6  14776  6344 ?        S    09:40   0:00 sshd: ec2-user@pts/0
ec2-user    2499  0.0  0.5 224132  4980 pts/0    Ss   09:40   0:00 -bash
root        2859  0.0  0.0      0     0 ?        I    09:50   0:00 [kworker/0:0-cgroup_destroy]
root        3092  0.0  0.0      0     0 ?        I    09:55   0:00 [kworker/0:1-cgroup_destroy]
root        3093  0.0  0.6  15656  6616 ?        S    09:55   0:00 systemd-userwork: waiting...
root        3094  0.0  0.6  15656  6548 ?        S    09:55   0:00 systemd-userwork: waiting...
root        3095  0.0  0.6  15656  6564 ?        S    09:55   0:00 systemd-userwork: waiting...
ec2-user    3158  0.0  0.2 223492  2748 pts/0    R+   09:58   0:00 ps aux
[ec2-user@ip-172-31-3-152 ~]$ ps aux | agrep b
root           1  0.0  1.7 105716 17020 ?        Ss   09:34   0:00 /usr/lib/systemd/systemd --switched-root --system --deserialize=32
root           5  0.0  0.0      0     0 ?        I<   09:34   0:00 [slub_flushwq]
root          27  0.0  0.0      0     0 ?        I<   09:34   0:00 [writeback]
root          32  0.0  0.0      0     0 ?        I<   09:34   0:00 [kblockd]
root          33  0.0  0.0      0     0 ?        I<   09:34   0:00 [blkcg_punt_bio]
root          34  0.0  0.0      0     0 ?        S    09:34   0:00 [xen-balloon]
root          39  0.0  0.0      0     0 ?        I<   09:34   0:00 [kworker/0:1H-kblockd]
root          86  0.0  0.0      0     0 ?        S    09:34   0:00 [xenbus]
root        1034  0.0  0.0      0     0 ?        I<   09:34   0:00 [xfs-buf/xvda1]
root        1038  0.0  0.0      0     0 ?        I<   09:34   0:00 [xfs-blockgc/xvd]
root        1094  0.0  1.5  52476 14676 ?        Ss   09:34   0:00 /usr/lib/systemd/systemd-journald
root        1756  0.0  1.1  31176 11244 ?        Ss   09:34   0:00 /usr/lib/systemd/systemd-udevd
systemd+    1759  0.0  1.4  21236 14556 ?        Ss   09:34   0:00 /usr/lib/systemd/systemd-resolved
root        1778  0.0  0.2  20228  2364 ?        S<sl 09:34   0:00 /sbin/auditd
root        1871  0.0  0.0      0     0 ?        I    09:34   0:00 [kworker/u30:4-events_unbound]
root        1948  0.0  0.6  15300  6560 ?        Ss   09:34   0:00 /usr/bin/systemd-inhibit --what=handle-suspend-key:handle-hibernate-key --who=noah --why=acpid instead --mode=block /usr/sbin/acpid -f
libstor+    1951  0.0  0.2   2760  1984 ?        Ss   09:34   0:00 /usr/bin/lsmd -d
root        1953  0.6  0.6  89008  5940 ?        Ssl  09:34   0:09 /usr/sbin/rngd -f -x pkcs11 -x nist
root        1955  0.0  0.7  15784  7676 ?        Ss   09:34   0:00 /usr/lib/systemd/systemd-homed
root        1956  0.0  1.0  17640  9752 ?        Ss   09:34   0:00 /usr/lib/systemd/systemd-logind
dbus        1958  0.0  0.3   8352  3868 ?        Ss   09:34   0:00 /usr/bin/dbus-broker-launch --scope system --audit
systemd+    1961  0.0  0.9 235880  9712 ?        Ss   09:34   0:00 /usr/lib/systemd/systemd-networkd
dbus        1965  0.0  0.2   5268  2760 ?        S    09:34   0:00 dbus-broker --log 4 --controller 9 --machine-id ec2615b31c3fc1145ba9a30a786c714e --max-bytes 536870912 --max-fds 4096 --max-matches 16384 --audit
root        1982  0.0  0.1   2672  1140 ?        S    09:34   0:00 /usr/sbin/acpid -f
root        1986  0.0  0.3 281028  3512 ?        Ssl  09:34   0:00 /usr/sbin/gssproxy -D
root        2152  0.0  1.8 1242284 18356 ?       Ssl  09:34   0:00 /usr/bin/amazon-ssm-agent
root        2156  0.0  0.8  13316  8320 ?        Ss   09:34   0:00 sshd: /usr/sbin/sshd -D [listener] 0 of 10-100 startups
root        2163  0.0  0.2   4732  2576 ?        Ss   09:34   0:00 /usr/sbin/atd -f
root        2167  0.0  0.1 221348  1080 tty1     Ss+  09:34   0:00 /sbin/agetty -o -p -- \u --noclear - linux
root        2168  0.0  0.1 221392  1084 ttyS0    Ss+  09:34   0:00 /sbin/agetty -o -p -- \u --keep-baud 115200,57600,38400,9600 - vt220
chrony      2185  0.0  0.3  86520  3264 ?        S    09:34   0:00 /usr/sbin/chronyd -F 2
root        2480  0.0  0.0      0     0 ?        I    09:40   0:00 [kworker/u30:0-events_unbound]
root        2482  0.0  0.6  15300  6716 ?        Ss   09:40   0:00 /usr/lib/systemd/systemd-userdbd
ec2-user    2487  0.0  1.3  20408 13200 ?        Ss   09:40   0:00 /usr/lib/systemd/systemd --user
ec2-user    2499  0.0  0.5 224132  4980 pts/0    Ss   09:40   0:00 -bash
ec2-user    3219  0.0  0.2 222316  2052 pts/0    S+   09:59   0:00 grep --color=auto b
[ec2-user@ip-172-31-3-152 ~]$ 
[ec2-user@ip-172-31-3-152 ~]$ 
[ec2-user@ip-172-31-3-152 ~]$ 
[ec2-user@ip-172-31-3-152 ~]$ 
[ec2-user@ip-172-31-3-152 ~]$ 
[ec2-user@ip-172-31-3-152 ~]$ ll | grep ps aux | grep ssh > ssh_preoceseccess.txt
[ec2-user@ip-172-31-3-152 ~]$ 
[ec2-user@ip-172-31-3-152 ~]$ 
[ec2-user@ip-172-31-3-152 ~]$ 
[ec2-user@ip-172-31-3-152 ~]$ cat ssh_process.txer
cat: ssh_process.txr: No such file or directory
[ec2-user@ip-172-31-3-152 ~]$ cat ssh_process.txrt
root        2156  0.0  0.8  13316  8320 ?        Ss   09:34   0:00 sshd: /usr/sbin/sshd -D [listener] 0 of 10-100 startups
root        2477  0.0  1.0  14776 10016 ?        Ss   09:40   0:00 sshd: ec2-user [priv]
ec2-user    2498  0.0  0.6  14776  6344 ?        S    09:40   0:00 sshd: ec2-user@pts/0
ec2-user    3345  0.0  0.2 222316  2056 pts/0    S+   10:03   0:00 grep --color=auto ssh
[ec2-user@ip-172-31-3-152 ~]$ 
[ec2-user@ip-172-31-3-152 ~]$ 
[ec2-user@ip-172-31-3-152 ~]$ 
[ec2-user@ip-172-31-3-152 ~]$ 
[ec2-user@ip-172-31-3-152 ~]$ 
[ec2-user@ip-172-31-3-152 ~]$ 
[ec2-user@ip-172-31-3-152 ~]$ 